[bookwritingfounders.com//]
[backblue.gif]
[fade.gif]
[/]
[bookwritingfounders.com/assets/images/favicon.png]
[cdnjs.cloudflare.com/ajax/libs/font-awesome/4.7.0/css/font-awesome.css]
[bookwritingfounders.com/assets/images/popup-img.jpg]
[bookwritingfounders.com/services.html]
[bookwritingfounders.com/ghost-writing.html]
[bookwritingfounders.com/editing.html]
[bookwritingfounders.com/book-publishing.html]
[bookwritingfounders.com/ebook-writing.html]
[bookwritingfounders.com/book-marketing.html]
[bookwritingfounders.com/copyrights-protection.html]
[bookwritingfounders.com/author-website.html]
[bookwritingfounders.com/professional-audio-book.html]
[bookwritingfounders.com/Book-Video-Trailer.html]
[bookwritingfounders.com/book-cover-design.html]
[bookwritingfounders.com/custom-book-illustration.html]
[bookwritingfounders.com/article-writing-publication.html]
[bookwritingfounders.com/about-us.html]
[bookwritingfounders.com/pricing.html]
[bookwritingfounders.com/contact.html]
[bookwritingfounders.com/assets/images/us-flag.png]
[bookwritingfounders.com/order.html]
[bookwritingfounders.com/assets/images/newhomebanner.jpg]
[bookwritingfounders.com/assets/images/find-the-new-york-times.jpg]
[bookwritingfounders.com/assets/images/nonfiction-books.jpg]
[bookwritingfounders.com/assets/images/books-for-kids.jpg]
[bookwritingfounders.com/assets/images/unlocking-potential.jpg]
[bookwritingfounders.com/assets/images/comics.jpg]
[bookwritingfounders.com/assets/images/amazon.png]
[bookwritingfounders.com/assets/images/ibookstore.png]
[bookwritingfounders.com/assets/images/playstore.png]
[bookwritingfounders.com/assets/images/kobo.png]
[bookwritingfounders.com/assets/images/scribd.png]
[bookwritingfounders.com/assets/images/img-1.jpg]
[bookwritingfounders.com/assets/images/img-2.jpg]
[bookwritingfounders.com/assets/images/img-4.jpg]
[bookwritingfounders.com/assets/images/img-5.jpg]
[bookwritingfounders.com/assets/images/img-6.jpg]
[bookwritingfounders.com/assets/images/img-7.jpg]
[bookwritingfounders.com/assets/images/img-8.jpg]
[bookwritingfounders.com/assets/images/img-9.jpg]
[bookwritingfounders.com/assets/images/img-10.jpg]
[bookwritingfounders.com/assets/images/img-11.jpg]
[bookwritingfounders.com/assets/images/img-12.jpg]
[bookwritingfounders.com/assets/images/img-13.jpg]
[bookwritingfounders.com/assets/images/50percent.png]
[bookwritingfounders.com/assets/images/books/1.jpg]
[bookwritingfounders.com/assets/images/books/4.jpg]
[bookwritingfounders.com/assets/images/books/5.jpg]
[bookwritingfounders.com/assets/images/books/6.jpg]
[bookwritingfounders.com/assets/images/books/7.jpg]
[bookwritingfounders.com/assets/images/books/8.jpg]
[bookwritingfounders.com/assets/images/books/9.jpg]
[bookwritingfounders.com/assets/images/books/10.jpg]
[bookwritingfounders.com/assets/images/books/11.jpg]
[bookwritingfounders.com/assets/images/contimg.jpg]
[images.dmca.com/Badges/_dmca_premi_badge_499ac.png]
[bookwritingfounders.com/faq.html]
[bookwritingfounders.com/terms-and-conditions.html]
[bookwritingfounders.com/privacy-policy.html]
[bookwritingfounders.com/assets/images/popup.png]
[bookwritingfounders.com/assets/images/christmass/popup-50-2.png]
[bookwritingfounders.com/assets/js/mlib.js]
[bookwritingfounders.com/assets/js/functions.js]
[static.zdassets.com/ekr/snippet4fba.js]
[bookwritingfounders.com//]
[bookwritingfounders.com/assets/images/flags.png]
[bookwritingfounders.com/assets/images/flags@2x.png]
[bookwritingfounders.com/assets/css/fonts/icomoon8f4a.eot]
[bookwritingfounders.com/assets/css/fonts/icomoon8f4a.ttf]
[bookwritingfounders.com/assets/css/fonts/icomoon8f4a.woff]
[bookwritingfounders.com/assets/css/m-style.css]
[bookwritingfounders.com/assets/images/icon-box-sep.png]
[bookwritingfounders.com/assets/images/slick-dots.png]
[bookwritingfounders.com/assets/images/slick-arrows.png]
[bookwritingfounders.com/assets/images/checks.png]
[bookwritingfounders.com/assets/images/footer-bg.png]
[bookwritingfounders.com/assets/images/packagesbg.jpg]
[bookwritingfounders.com/assets/images/ctanew.jpg]
[bookwritingfounders.com/assets/images/about-us/Customer_Eventbrite.png]
[bookwritingfounders.com/assets/images/about-us/Customer_Kiva.png]
[bookwritingfounders.com/assets/css/style.css]
[cdnjs.cloudflare.com/ajax/libs/font-awesome/4.7.0/css/font-awesome.css]
[bookwritingfounders.com/assets/images/logo-light.svg]
[bookwritingfounders.com/assets/images/services/team-tasks-img.png]
[bookwritingfounders.com/proofreading.html]
[bookwritingfounders.com/book-video-trailer]
[bookwritingfounders.com/assets/images/intro2image.png]
[bookwritingfounders.com/assets/images/services/updated-layouts-collab.png]
[bookwritingfounders.com/assets/images/services/updated-layouts-platform.png]
[bookwritingfounders.com/assets/images/services/updated-layouts-sync.png]
[bookwritingfounders.com/services.html]
[bookwritingfounders.com/assets/images/ghost-writing.jpg]
[bookwritingfounders.com/assets/images/services/ghost-writing/partner5.png]
[bookwritingfounders.com/assets/images/services/ghost-writing/partner1.png]
[bookwritingfounders.com/assets/images/services/ghost-writing/rateimg.png]
[bookwritingfounders.com/assets/images/services/ghost-writing/ghost-writing.png]
[bookwritingfounders.com/assets/images/books/3.jpg]
[bookwritingfounders.com/assets/images/books/book-1.jpg]
[bookwritingfounders.com/assets/images/books/book-2.jpg]
[bookwritingfounders.com/assets/images/books/book-3.jpg]
[bookwritingfounders.com/assets/images/recognition.png]
[bookwritingfounders.com/assets/images/girl-a.png]
[bookwritingfounders.com/assets/images/girl2.png]
[bookwritingfounders.com/assets/images/guarantee.png]
[bookwritingfounders.com/assets/images/services/ghost-writing/newhomebanner.jpg]
[bookwritingfounders.com/ghost-writing.html]
[bookwritingfounders.com/assets/images/editing.jpg]
[bookwritingfounders.com/assets/images/services/editing/editing.png]
[bookwritingfounders.com/assets/images/books/book-4.jpg]
[bookwritingfounders.com/assets/images/books/book-5.jpg]
[bookwritingfounders.com/assets/images/books/book-6.jpg]
[bookwritingfounders.com/assets/images/books/book-7.jpg]
[bookwritingfounders.com/assets/images/books/book-8.jpg]
[bookwritingfounders.com/assets/images/books/book-9.jpg]
[bookwritingfounders.com/assets/images/copyediting-services-1-prod-thumb.jpg]
[bookwritingfounders.com/assets/images/copyediting-services-3-prod-thumb1.jpg]
[bookwritingfounders.com/assets/images/copyediting-services-2-prod-thumb2.jpg]
[bookwritingfounders.com/editing.html]
[bookwritingfounders.com/assets/images/book-publishing.jpg]
[bookwritingfounders.com/assets/images/services/book-publishing/book-publishing.png]
[bookwritingfounders.com/assets/images/books/a-tea-shop-mystery-19-childs-laura-plum-tea-crazy.jpg]
[bookwritingfounders.com/assets/images/books/broussard-and-fourcade-2-hoag-tami-the-boy.jpg]
[bookwritingfounders.com/assets/images/books/elvis-cole-15-joe-pike-6-crais-robert-the-wanted.jpg]
[bookwritingfounders.com/assets/images/books/kingsbridge3-follett-ken-acolumn-of-fire.jpg]
[bookwritingfounders.com/assets/images/books/sacramento1-Rose-Karen-Say-you-resorry.jpg]
[bookwritingfounders.com/assets/images/books/Adler-Olsen-Jussi-The-Scarred-Woman.jpg]
[bookwritingfounders.com/assets/images/books/brown-pierce-iron-gold.jpg]
[bookwritingfounders.com/assets/images/books/cleeton-chanel-whenweleftcuba.jpg]
[bookwritingfounders.com/assets/images/books/crouch-blake-recursion-a-novel.jpg]
[bookwritingfounders.com/assets/images/books/epstein-jennifercody-wunderland.jpg]
[bookwritingfounders.com/assets/images/customer_logo1.png]
[bookwritingfounders.com/assets/images/customer_logo2.png]
[bookwritingfounders.com/assets/images/customer_logo3.png]
[bookwritingfounders.com/assets/images/customer_logo4.png]
[bookwritingfounders.com/assets/images/customer_logo5.png]
[bookwritingfounders.com/assets/images/customer_logo6.png]
[bookwritingfounders.com/book-publishing.html]
[bookwritingfounders.com/assets/images/ebook.jpg]
[bookwritingfounders.com/assets/images/services/ebook-writing/ebook-writing.png]
[bookwritingfounders.com/assets/images/books/Giffin-Emily-All-We-Ever-Wanted.jpg]
[bookwritingfounders.com/assets/images/books/Green-Jane - Another Piece of My Heart.jpg]
[bookwritingfounders.com/assets/images/books/Green-Jane-Falling.jpg]
[bookwritingfounders.com/assets/images/books/Hamilton-PeterF-Salvation.jpg]
[bookwritingfounders.com/assets/images/books/Orange-Tommy-There-There.jpg]
[bookwritingfounders.com/assets/images/books/Quick-Amanda-The-Girl-Who-Knew-Too-Much.jpg]
[bookwritingfounders.com/assets/images/books/Rooney-sally-Normal-People.jpg]
[bookwritingfounders.com/assets/images/books/Scottoline-Lisa-Someone-Knows.jpg]
[bookwritingfounders.com/assets/images/books/Wolitzer-Meg-The-Female-Persuasion.jpg]
[bookwritingfounders.com/ebook-writing.html]
[bookwritingfounders.com/assets/images/book-marketing.jpg]
[bookwritingfounders.com/assets/images/services/book-marketing/book-marketing.png]
[bookwritingfounders.com/book-marketing.html]
[bookwritingfounders.com/assets/images/copyright-protection.jpg]
[bookwritingfounders.com/assets/images/services/copyrights-protection/copyrights-protection.png]
[bookwritingfounders.com/copyrights-protection.html]
[bookwritingfounders.com/assets/images/author-website.jpg]
[bookwritingfounders.com/assets/images/services/author-website/author-website.png]
[bookwritingfounders.com/author-website.html]
[bookwritingfounders.com/assets/images/audio-book.jpg]
[bookwritingfounders.com/assets/images/services/professional-audio-book/professional-audio-book.png]
[bookwritingfounders.com/professional-audio-book.html]
[bookwritingfounders.com/assets/images/video-trailer.jpg]
[bookwritingfounders.com/assets/images/services/book-video-trailer/book-video-trailer.png]
[bookwritingfounders.com/assets/videos/videothumb-01.jpg]
[bookwritingfounders.com/assets/videos/videothumb-02.jpg]
[bookwritingfounders.com/assets/videos/videothumb-03.jpg]
[bookwritingfounders.com/assets/videos/videothumb-04.jpg]
[bookwritingfounders.com/assets/videos/videothumb-05.jpg]
[bookwritingfounders.com/assets/videos/videothumb-06.jpg]
[bookwritingfounders.com/Book-Video-Trailer.html]
[bookwritingfounders.com/assets/images/book-cover-design.jpg]
[bookwritingfounders.com/assets/images/services/book-cover-design/book-cover-design.png]
[bookwritingfounders.com/orderdab3.html]
[bookwritingfounders.com/order9187.html]
[bookwritingfounders.com/order1cf8.html]
[bookwritingfounders.com/orderf8c1.html]
[bookwritingfounders.com/book-cover-design.html]
[bookwritingfounders.com/order13f9.html]
[bookwritingfounders.com/assets/images/custome-book-illustration.jpg]
[bookwritingfounders.com/assets/images/services/custom-book-illustration/custom-book-illustration.png]
[bookwritingfounders.com/custom-book-illustration.html]
[bookwritingfounders.com/assets/images/article-writing.jpg]
[bookwritingfounders.com/assets/images/client-logo/awp-logo-1.png]
[bookwritingfounders.com/assets/images/client-logo/awp-logo-2.png]
[bookwritingfounders.com/assets/images/client-logo/awp-logo-3.png]
[bookwritingfounders.com/assets/images/client-logo/awp-logo-4.png]
[bookwritingfounders.com/assets/images/client-logo/awp-logo-5.png]
[bookwritingfounders.com/assets/images/client-logo/awp-logo-6.png]
[bookwritingfounders.com/assets/images/client-logo/awp-logo-7.png]
[bookwritingfounders.com/assets/images/client-logo/awp-logo-8.png]
[bookwritingfounders.com/assets/images/services/article-writing-publication/article-writing-publication.png]
[bookwritingfounders.com/assets/images/services/article-writing-publication/article-writing-publication-b.png]
[bookwritingfounders.com/article-writing-publication.html]
[bookwritingfounders.com/assets/images/about-us/we-are-proud-to.png]
[bookwritingfounders.com/assets/images/about-us/collaboratively-and-effectively.png]
[bookwritingfounders.com/assets/images/about-us/you-deserve-the-very.png]
[bookwritingfounders.com/assets/images/about-us/company-background.jpg]
[bookwritingfounders.com/about-us.html]
[bookwritingfounders.com/order5ac2.html]
[bookwritingfounders.com/orderc92d.html]
[bookwritingfounders.com/orderaf2d.html]
[bookwritingfounders.com/order512d.html]
[bookwritingfounders.com/order88b5.html]
[bookwritingfounders.com/orderf484.html]
[bookwritingfounders.com/order35dd.html]
[bookwritingfounders.com/order9842.html]
[bookwritingfounders.com/pricing.html]
[bookwritingfounders.com/order0743.html]
[bookwritingfounders.com/assets/images/contact/dummy1.png]
[bookwritingfounders.com/assets/images/contact/dummy2.png]
[bookwritingfounders.com/assets/images/contact/dummy3.png]
[bookwritingfounders.com/contact.html]
[bookwritingfounders.com/assets/images/logo-dark.svg]
[bookwritingfounders.com/order.html]
[bookwritingfounders.com/assets/images/services/1.svg]
[bookwritingfounders.com/assets/images/services/2.svg]
[bookwritingfounders.com/assets/images/services/3.svg]
[bookwritingfounders.com/assets/images/services/4.svg]
[bookwritingfounders.com/assets/images/services/ghost-book-writing.svg]
[bookwritingfounders.com/assets/images/services/editing.svg]
[bookwritingfounders.com/assets/images/services/book-publishing.svg]
[bookwritingfounders.com/assets/images/services/ebook-writing.svg]
[bookwritingfounders.com/assets/images/services/book-marketing.svg]
[bookwritingfounders.com/assets/images/services/copyright-protection.svg]
[bookwritingfounders.com/assets/images/services/author-website.svg]
[bookwritingfounders.com/assets/images/services/professional-audio-book.svg]
[bookwritingfounders.com/assets/images/services/book-video-trailer.svg]
[bookwritingfounders.com/assets/images/services/book-cover-design.svg]
[bookwritingfounders.com/assets/images/services/custom-book-illustration.svg]
[bookwritingfounders.com/assets/images/services/article-writing-&-publication.svg]
[bookwritingfounders.com/faq.html]
[bookwritingfounders.com/terms-and-conditions.html]
[bookwritingfounders.com/privacy-policy.html]
[bookwritingfounders.com/assets/images/card-brands.svg]
[bookwritingfounders.com/assets/css/fonts/slick.html]
[bookwritingfounders.com/assets/css/fonts/slickd41d.html]
[bookwritingfounders.com/assets/css/fonts/slick-2.html]
[bookwritingfounders.com/assets/css/fonts/slick-3.html]
[bookwritingfounders.com/assets/css/fonts/slick-4.html]
[bookwritingfounders.com/assets/css/fonts/icomoon8f4a.svg]
[bookwritingfounders.com/assets/img/pattern.html]
[bookwritingfounders.com/assets/images/why-book-bg.html]
[bookwritingfounders.com/assets/images/benefit-hd-bg.html]
[bookwritingfounders.com/assets/images/slick-arrows-slider.html]
[bookwritingfounders.com/assets/images/fancybox/close-custom.html]
[bookwritingfounders.com/assets/images/car-focus.html]
[bookwritingfounders.com/assets/images/iphonex.html]
[bookwritingfounders.com/assets/images/cta-fold.html]
[bookwritingfounders.com/assets/images/services-icons.html]
[bookwritingfounders.com/assets/images/chat-banner.html]
[bookwritingfounders.com/assets/img/sale.html]
[bookwritingfounders.com/assets/images/culture.html]
[bookwritingfounders.com/assets/images/services/hero-a.svg]
[bookwritingfounders.com/assets/images/services/ghost-book-writing-hover.svg]
[bookwritingfounders.com/assets/images/services/editing-hover.svg]
[bookwritingfounders.com/proofreading.html]
[bookwritingfounders.com/assets/images/services/proofreading.svg]
[bookwritingfounders.com/assets/images/services/proofreading-hover.svg]
[bookwritingfounders.com/assets/images/services/book-publishing-hover.svg]
[bookwritingfounders.com/assets/images/services/ebook-writing-hover.svg]
[bookwritingfounders.com/assets/images/services/book-marketing-hover.svg]
[bookwritingfounders.com/assets/images/services/copyright-protection-hover.svg]
[bookwritingfounders.com/assets/images/services/author-website-hover.svg]
[bookwritingfounders.com/assets/images/services/professional-audio-book-hover.svg]
[bookwritingfounders.com/book-video-trailer-2.html]
[bookwritingfounders.com/assets/images/services/book-video-trailer-hover.svg]
[bookwritingfounders.com/assets/images/services/book-cover-design-hover.svg]
[bookwritingfounders.com/assets/images/services/custom-book-illustration-hover.svg]
[bookwritingfounders.com/assets/images/services/article-writing-&-publication-hover.svg]
[bookwritingfounders.com/assets/images/services/author-website/affordable.svg]
[bookwritingfounders.com/assets/images/services/author-website/profitable.svg]
[bookwritingfounders.com/assets/images/services/author-website/secure-ownership.svg]
[bookwritingfounders.com/assets/images/services/author-website/qualified-experts.svg]
[bookwritingfounders.com/assets/images/services/author-website/authentic-research.svg]
[bookwritingfounders.com/assets/images/services/author-website/professional-excellence.svg]
[bookwritingfounders.com/assets/images/popup.html]
[bookwritingfounders.com/orderdab3.html]
[bookwritingfounders.com/order9187.html]
[bookwritingfounders.com/order1cf8.html]
[bookwritingfounders.com/orderf8c1.html]
[bookwritingfounders.com/order13f9.html]
[bookwritingfounders.com/assets/images/services/tabs/journal-selection.svg]
[images.dmca.com/Badges/DMCABadgeHelper.min.js]
[bookwritingfounders.com/assets/images/services/tabs/journal-submission.svg]
[bookwritingfounders.com/assets/images/services/tabs/substantive-editing.svg]
[bookwritingfounders.com/assets/images/services/tabs/manuscript-formatting-and-artwork-editing-services.svg]
[bookwritingfounders.com/assets/images/services/tabs/revised-rejected-paper-editing.svg]
[bookwritingfounders.com/assets/images/services/tabs/plagiarism-check.svg]
[bookwritingfounders.com/assets/images/services/ghost-writing/illo-server.svg]
[bookwritingfounders.com/assets/images/services/ghost-writing/illo-data-center.svg]
[bookwritingfounders.com/order5ac2.html]
[bookwritingfounders.com/orderc92d.html]
[bookwritingfounders.com/assets/images/services/article-writing.svg]
[bookwritingfounders.com/orderaf2d.html]
[bookwritingfounders.com/order512d.html]
[bookwritingfounders.com/order88b5.html]
[bookwritingfounders.com/orderf484.html]
[bookwritingfounders.com/order35dd.html]
[bookwritingfounders.com/order9842.html]
[bookwritingfounders.com/order0743.html]
[bookwritingfounders.com/assets/images/services/proofreading/scale-to-meet-your-needs.svg]
[bookwritingfounders.com/assets/images/services/tabs/CFE531C2.html]
[bookwritingfounders.com/assets/images/services/tabs/CFE531C6.html]
[bookwritingfounders.com/assets/images/services/tabs/CFE531C1.html]
